+ analyze_power_grid -net VPWR -voltage_file /home/samare/Documents/heiChip/heichips26-DNA_sequencer_submission/macros/heichips26_dna_sequencer/flow/librelane/runs/RUN_2026-09-09_12-46-26/56-openroad-irdropreport/net-VPWR.csv
[INFO PSM-0040] All shapes on net VPWR are connected.
########## IR report #################
Net              : VPWR
Corner           : nom_typ_1p20V_25C
Total power      : 7.14e-03 W
Supply voltage   : 1.20e+00 V
Worstcase voltage: 1.20e+00 V
Average voltage  : 1.20e+00 V
Average IR drop  : 7.35e-04 V
Worstcase IR drop: 3.14e-03 V
Percentage drop  : 0.26 %
######################################
+ analyze_power_grid -net VGND -voltage_file /home/samare/Documents/heiChip/heichips26-DNA_sequencer_submission/macros/heichips26_dna_sequencer/flow/librelane/runs/RUN_2026-09-09_12-46-26/56-openroad-irdropreport/net-VGND.csv
[INFO PSM-0040] All shapes on net VGND are connected.
########## IR report #################
Net              : VGND
Corner           : nom_typ_1p20V_25C
Total power      : 7.14e-03 W
Supply voltage   : 0.00e+00 V
Worstcase voltage: 1.81e-03 V
Average voltage  : 7.12e-04 V
Average IR drop  : 7.12e-04 V
Worstcase IR drop: 1.81e-03 V
Percentage drop  : 0.15 %
######################################
