160. Printing statistics.

=== heichips26_dna_sequencer ===

        +----------Local Count, excluding submodules.
        |        +-Local Area, excluding submodules.
        |        | 
     3703        - wires
     3738        - wire bits
      642        - public wires
      677        - public wire bits
        8        - ports
       43        - port bits
     3719 6.29E+04 cells
       39  495.331   sg13cmos5l_a21o_1
      262 2.38E+03   sg13cmos5l_a21oi_1
       48   696.73   sg13cmos5l_a221oi_1
       64   694.31   sg13cmos5l_a22oi_1
       98  889.056   sg13cmos5l_and2_1
       17  215.914   sg13cmos5l_and3_1
        1   14.515   sg13cmos5l_and4_1
      648 3.17E+04   sg13cmos5l_dfrbpq_1
      137  745.718   sg13cmos5l_inv_1
      340  6168.96   sg13cmos5l_mux2_1
       52 1.98E+03   sg13cmos5l_mux4_1
      198 1.44E+03   sg13cmos5l_nand2_1
       84  762.048   sg13cmos5l_nand2b_1
       47  426.384   sg13cmos5l_nand3_1
        9  114.307   sg13cmos5l_nand3b_1
       13  141.523   sg13cmos5l_nand4_1
      281 2.04E+03   sg13cmos5l_nor2_1
       56  508.032   sg13cmos5l_nor2b_1
       78  707.616   sg13cmos5l_nor3_1
       16  174.182   sg13cmos5l_nor4_1
      381 3.46E+03   sg13cmos5l_o21ai_1
       25    226.8   sg13cmos5l_or2_1
       16  203.213   sg13cmos5l_or3_1
      648  4.7E+03   sg13cmos5l_tiehi
       51  370.138   sg13cmos5l_tielo
       79 1.15E+03   sg13cmos5l_xnor2_1
       31  449.971   sg13cmos5l_xor2_1

   Chip area for module '\heichips26_dna_sequencer': 62890.128000
     of which used for sequential elements: 31744.742400 (50.48%)

