146. Printing statistics.

=== heichips26_dna_sequencer ===

        +----------Local Count, excluding submodules.
        | 
     3267 wires
     3988 wire bits
      147 public wires
      834 public wire bits
        8 ports
       43 port bits
     3935 cells
     1082   $_ANDNOT_
      104   $_AND_
      368   $_DFFE_PP_
        7   $_DFF_P_
      578   $_MUX_
      122   $_NAND_
      231   $_NOR_
      166   $_NOT_
      175   $_ORNOT_
      316   $_OR_
       59   $_SDFFE_PN0P_
       18   $_SDFFE_PP0P_
       44   $_SDFF_PN0_
      152   $_SDFF_PP0_
      120   $_XNOR_
      393   $_XOR_

   Area for cell type $_ANDNOT_ is unknown!
   Area for cell type $_AND_ is unknown!
   Area for cell type $_DFFE_PP_ is unknown!
   Area for cell type $_DFF_P_ is unknown!
   Area for cell type $_MUX_ is unknown!
   Area for cell type $_NAND_ is unknown!
   Area for cell type $_NOR_ is unknown!
   Area for cell type $_NOT_ is unknown!
   Area for cell type $_ORNOT_ is unknown!
   Area for cell type $_OR_ is unknown!
   Area for cell type $_SDFFE_PN0P_ is unknown!
   Area for cell type $_SDFFE_PP0P_ is unknown!
   Area for cell type $_SDFF_PN0_ is unknown!
   Area for cell type $_SDFF_PP0_ is unknown!
   Area for cell type $_XNOR_ is unknown!
   Area for cell type $_XOR_ is unknown!

