152. Printing statistics.

=== heichips26_dna_sequencer ===

        +----------Local Count, excluding submodules.
        |        +-Local Area, excluding submodules.
        |        | 
     3391        - wires
     3873        - wire bits
      122        - public wires
      592        - public wire bits
        8        - ports
       43        - port bits
     3827 1.98E+04 cells
     1029        -   $_ANDNOT_
       92        -   $_AND_
      811        -   $_MUX_
      120        -   $_NAND_
      232        -   $_NOR_
      174        -   $_NOT_
      166        -   $_ORNOT_
      305        -   $_OR_
      126        -   $_XNOR_
      368        -   $_XOR_
      404 1.98E+04   sg13cmos5l_dfrbpq_1

   Area for cell type $_ANDNOT_ is unknown!
   Area for cell type $_AND_ is unknown!
   Area for cell type $_MUX_ is unknown!
   Area for cell type $_NAND_ is unknown!
   Area for cell type $_NOR_ is unknown!
   Area for cell type $_NOT_ is unknown!
   Area for cell type $_ORNOT_ is unknown!
   Area for cell type $_OR_ is unknown!
   Area for cell type $_XNOR_ is unknown!
   Area for cell type $_XOR_ is unknown!

   Chip area for module '\heichips26_dna_sequencer': 19791.475200
     of which used for sequential elements: 19791.475200 (100.00%)

