146. Printing statistics.

=== heichips26_dna_sequencer ===

        +----------Local Count, excluding submodules.
        | 
     6184 wires
     6913 wire bits
      205 public wires
      934 public wire bits
        8 ports
       43 port bits
     6867 cells
     2342   $_ANDNOT_
      222   $_AND_
        9   $_DFF_P_
      490   $_MUX_
      285   $_NAND_
      612   $_NOR_
      305   $_NOT_
      418   $_ORNOT_
      586   $_OR_
       56   $_SDFFE_PN0P_
       25   $_SDFFE_PP0P_
       61   $_SDFF_PN0_
      388   $_SDFF_PP0_
      259   $_XNOR_
      809   $_XOR_

   Area for cell type $_ANDNOT_ is unknown!
   Area for cell type $_AND_ is unknown!
   Area for cell type $_DFF_P_ is unknown!
   Area for cell type $_MUX_ is unknown!
   Area for cell type $_NAND_ is unknown!
   Area for cell type $_NOR_ is unknown!
   Area for cell type $_NOT_ is unknown!
   Area for cell type $_ORNOT_ is unknown!
   Area for cell type $_OR_ is unknown!
   Area for cell type $_SDFFE_PN0P_ is unknown!
   Area for cell type $_SDFFE_PP0P_ is unknown!
   Area for cell type $_SDFF_PN0_ is unknown!
   Area for cell type $_SDFF_PP0_ is unknown!
   Area for cell type $_XNOR_ is unknown!
   Area for cell type $_XOR_ is unknown!

