152. Printing statistics.

=== heichips26_dna_sequencer ===

        +----------Local Count, excluding submodules.
        |        +-Local Area, excluding submodules.
        |        | 
     6795        - wires
     7524        - wire bits
      205        - public wires
      934        - public wire bits
        8        - ports
       43        - port bits
     7478 2.64E+04 cells
     2342        -   $_ANDNOT_
      222        -   $_AND_
     1101        -   $_MUX_
      285        -   $_NAND_
      612        -   $_NOR_
      305        -   $_NOT_
      418        -   $_ORNOT_
      586        -   $_OR_
      259        -   $_XNOR_
      809        -   $_XOR_
      539 2.64E+04   sg13cmos5l_dfrbpq_1

   Area for cell type $_ANDNOT_ is unknown!
   Area for cell type $_AND_ is unknown!
   Area for cell type $_MUX_ is unknown!
   Area for cell type $_NAND_ is unknown!
   Area for cell type $_NOR_ is unknown!
   Area for cell type $_NOT_ is unknown!
   Area for cell type $_ORNOT_ is unknown!
   Area for cell type $_OR_ is unknown!
   Area for cell type $_XNOR_ is unknown!
   Area for cell type $_XOR_ is unknown!

   Chip area for module '\heichips26_dna_sequencer': 26404.963200
     of which used for sequential elements: 26404.963200 (100.00%)

