
===========================================================================
report_checks -unconstrained
===========================================================================
======================= nom_slow_1p08V_125C Corner ===================================

Startpoint: rst_n (input port clocked by clk)
Endpoint: _5740_ (rising edge-triggered flip-flop clocked by clk)
Path Group: clk
Path Type: max

Fanout         Cap        Slew       Delay        Time   Description
---------------------------------------------------------------------------------------------
                                  0.000000    0.000000   clock clk (rise edge)
                                  0.000000    0.000000   clock network delay (propagated)
                                  2.000000    2.000000 ^ input external delay
     1    0.032310    0.073126    0.042723    2.042723 ^ rst_n (in)
                                                         rst_n (net)
                      0.073273    0.000000    2.042723 ^ input1/A (sg13cmos5l_buf_1)
     3    0.056412    0.361143    0.344114    2.386838 ^ input1/X (sg13cmos5l_buf_1)
                                                         net1 (net)
                      0.361543    0.009947    2.396785 ^ fanout261/A (sg13cmos5l_buf_1)
     6    0.044287    0.287917    0.391053    2.787838 ^ fanout261/X (sg13cmos5l_buf_1)
                                                         net261 (net)
                      0.288130    0.004647    2.792485 ^ _3110_/A (sg13cmos5l_inv_1)
     3    0.046542    0.278753    0.357254    3.149739 v _3110_/Y (sg13cmos5l_inv_1)
                                                         _0010_ (net)
                      0.278865    0.002060    3.151799 v fanout201/A (sg13cmos5l_buf_1)
     5    0.038122    0.204509    0.321755    3.473554 v fanout201/X (sg13cmos5l_buf_1)
                                                         net201 (net)
                      0.204773    0.005273    3.478827 v fanout199/A (sg13cmos5l_buf_1)
     8    0.050345    0.264871    0.343277    3.822104 v fanout199/X (sg13cmos5l_buf_1)
                                                         net199 (net)
                      0.265332    0.009191    3.831295 v _3470_/C (sg13cmos5l_nor3_1)
     4    0.021321    0.472492    0.466331    4.297626 ^ _3470_/Y (sg13cmos5l_nor3_1)
                                                         _0877_ (net)
                      0.472510    0.002460    4.300086 ^ _3483_/C (sg13cmos5l_nand3_1)
     4    0.029783    0.455087    0.549489    4.849576 v _3483_/Y (sg13cmos5l_nand3_1)
                                                         _0884_ (net)
                      0.455091    0.002138    4.851714 v _3493_/B (sg13cmos5l_nand2_1)
     1    0.007320    0.138619    0.195567    5.047280 ^ _3493_/Y (sg13cmos5l_nand2_1)
                                                         _0889_ (net)
                      0.138636    0.000525    5.047806 ^ hold1060/A (sg13cmos5l_dlygate4sd3_1)
     1    0.005282    0.068514    0.628655    5.676461 ^ hold1060/X (sg13cmos5l_dlygate4sd3_1)
                                                         net1060 (net)
                      0.068514    0.000380    5.676840 ^ _3494_/B1 (sg13cmos5l_o21ai_1)
     1    0.001747    0.093845    0.068308    5.745149 v _3494_/Y (sg13cmos5l_o21ai_1)
                                                         _0206_ (net)
                      0.093845    0.000068    5.745216 v hold1061/A (sg13cmos5l_dlygate4sd3_1)
     1    0.002384    0.056540    0.618968    6.364184 v hold1061/X (sg13cmos5l_dlygate4sd3_1)
                                                         net1061 (net)
                      0.056540    0.000092    6.364276 v _5740_/D (sg13cmos5l_dfrbpq_1)
                                              6.364276   data arrival time

                                 10.000000   10.000000   clock clk (rise edge)
                                  0.000000   10.000000   clock source latency
     1    0.043007    0.089370    0.057923   10.057923 ^ clk (in)
                                                         clk (net)
                      0.089849    0.000000   10.057923 ^ clkbuf_0_clk/A (sg13cmos5l_buf_8)
     8    0.125435    0.116613    0.193755   10.251678 ^ clkbuf_0_clk/X (sg13cmos5l_buf_8)
                                                         clknet_0_clk (net)
                      0.117358    0.007598   10.259277 ^ clkbuf_3_4__f_clk/A (sg13cmos5l_buf_8)
     5    0.076959    0.079647    0.181279   10.440557 ^ clkbuf_3_4__f_clk/X (sg13cmos5l_buf_8)
                                                         clknet_3_4__leaf_clk (net)
                      0.079756    0.002366   10.442923 ^ clkbuf_leaf_30_clk/A (sg13cmos5l_buf_8)
    17    0.075604    0.077127    0.162514   10.605436 ^ clkbuf_leaf_30_clk/X (sg13cmos5l_buf_8)
                                                         clknet_leaf_30_clk (net)
                      0.077170    0.001715   10.607151 ^ _5740_/CLK (sg13cmos5l_dfrbpq_1)
                                 -0.250000   10.357151   clock uncertainty
                                  0.000000   10.357151   clock reconvergence pessimism
                                 -0.175608   10.181543   library setup time
                                             10.181543   data required time
---------------------------------------------------------------------------------------------
                                             10.181543   data required time
                                             -6.364276   data arrival time
---------------------------------------------------------------------------------------------
                                              3.817267   slack (MET)




===========================================================================
report_checks --slack_max -0.01
============================================================================
======================= nom_slow_1p08V_125C Corner ===================================

No paths found.


===========================================================================
 report_check_types -max_slew -max_cap -max_fanout -violators
============================================================================
======================= nom_slow_1p08V_125C Corner ===================================

max fanout

Pin                                   Limit Fanout  Slack
---------------------------------------------------------
clkbuf_leaf_10_clk/X                      8     19    -11 (VIOLATED)
clkbuf_leaf_35_clk/X                      8     19    -11 (VIOLATED)
clkbuf_leaf_0_clk/X                       8     18    -10 (VIOLATED)
clkbuf_leaf_11_clk/X                      8     18    -10 (VIOLATED)
clkbuf_leaf_15_clk/X                      8     18    -10 (VIOLATED)
clkbuf_leaf_16_clk/X                      8     18    -10 (VIOLATED)
clkbuf_leaf_1_clk/X                       8     18    -10 (VIOLATED)
clkbuf_leaf_22_clk/X                      8     18    -10 (VIOLATED)
clkbuf_leaf_23_clk/X                      8     18    -10 (VIOLATED)
clkbuf_leaf_25_clk/X                      8     18    -10 (VIOLATED)
clkbuf_leaf_29_clk/X                      8     18    -10 (VIOLATED)
clkbuf_leaf_2_clk/X                       8     18    -10 (VIOLATED)
clkbuf_leaf_34_clk/X                      8     18    -10 (VIOLATED)
clkbuf_leaf_37_clk/X                      8     18    -10 (VIOLATED)
clkbuf_leaf_3_clk/X                       8     18    -10 (VIOLATED)
clkbuf_leaf_4_clk/X                       8     18    -10 (VIOLATED)
clkbuf_leaf_7_clk/X                       8     18    -10 (VIOLATED)
clkbuf_leaf_9_clk/X                       8     18    -10 (VIOLATED)
clkbuf_leaf_12_clk/X                      8     17     -9 (VIOLATED)
clkbuf_leaf_13_clk/X                      8     17     -9 (VIOLATED)
clkbuf_leaf_14_clk/X                      8     17     -9 (VIOLATED)
clkbuf_leaf_18_clk/X                      8     17     -9 (VIOLATED)
clkbuf_leaf_19_clk/X                      8     17     -9 (VIOLATED)
clkbuf_leaf_21_clk/X                      8     17     -9 (VIOLATED)
clkbuf_leaf_24_clk/X                      8     17     -9 (VIOLATED)
clkbuf_leaf_28_clk/X                      8     17     -9 (VIOLATED)
clkbuf_leaf_30_clk/X                      8     17     -9 (VIOLATED)
clkbuf_leaf_31_clk/X                      8     17     -9 (VIOLATED)
clkbuf_leaf_32_clk/X                      8     17     -9 (VIOLATED)
clkbuf_leaf_33_clk/X                      8     17     -9 (VIOLATED)
clkbuf_leaf_5_clk/X                       8     17     -9 (VIOLATED)
clkbuf_leaf_6_clk/X                       8     17     -9 (VIOLATED)
clkbuf_leaf_8_clk/X                       8     17     -9 (VIOLATED)
clkbuf_leaf_26_clk/X                      8     16     -8 (VIOLATED)
clkbuf_leaf_27_clk/X                      8     16     -8 (VIOLATED)
clkbuf_leaf_36_clk/X                      8     16     -8 (VIOLATED)
clkbuf_leaf_17_clk/X                      8     15     -7 (VIOLATED)
clkbuf_leaf_20_clk/X                      8     15     -7 (VIOLATED)
clkbuf_leaf_38_clk/X                      8     15     -7 (VIOLATED)



===========================================================================
report_parasitic_annotation -report_unannotated
============================================================================
Found 32 unannotated drivers.
 ena
 ui_in[4]
 ui_in[5]
 ui_in[6]
 ui_in[7]
 clkload0/X
 clkload1/Y
 clkload10/X
 clkload11/Y
 clkload12/Y
 clkload13/Y
 clkload14/Y
 clkload15/Y
 clkload16/Y
 clkload17/X
 clkload18/X
 clkload19/Y
 clkload2/Y
 clkload20/Y
 clkload21/Y
 clkload22/Y
 clkload23/Y
 clkload24/Y
 clkload25/Y
 clkload26/X
 clkload3/Y
 clkload4/Y
 clkload5/Y
 clkload6/Y
 clkload7/Y
 clkload8/Y
 clkload9/Y
Found 0 partially unannotated drivers.

===========================================================================
max slew violation count 0
max fanout violation count 39
max cap violation count 0
============================================================================

===========================================================================
check_setup -verbose -unconstrained_endpoints -multiple_clock -no_clock -no_input_delay -loops -generated_clocks
===========================================================================
