Clock: clk
Sources: clk 
Generated: no
Virtual: yes
Propagated: no
Period: 10.000000

===========================================================================
report_clock_properties
============================================================================
Clock                   Period          Waveform
----------------------------------------------------
clk                  10.000000    0.000000  5.000000

===========================================================================
report_clock_latency
============================================================================
Clock clk
rise -> rise
    min     max
0.000000 0.000000 source latency
0.586971         network latency _5943_/CLK
        0.634711 network latency _5465_/CLK
---------------
0.586971 0.634711 latency
        0.047740 skew

fall -> fall
    min     max
0.000000 0.000000 source latency
0.567826         network latency _5943_/CLK
        0.611073 network latency _5465_/CLK
---------------
0.567826 0.611073 latency
        0.043247 skew



===========================================================================
report_clock_min_period
============================================================================
clk period_min = 5.80 fmax = 172.42
