Clock: clk
Sources: clk 
Generated: no
Virtual: yes
Propagated: no
Period: 10.000000

===========================================================================
report_clock_properties
============================================================================
Clock                   Period          Waveform
----------------------------------------------------
clk                  10.000000    0.000000  5.000000

===========================================================================
report_clock_latency
============================================================================
Clock clk
rise -> rise
    min     max
0.000000 0.000000 source latency
0.552929         network latency _4109_/CLK
        0.594977 network latency _4231_/CLK
---------------
0.552929 0.594977 latency
        0.042048 skew

fall -> fall
    min     max
0.000000 0.000000 source latency
0.537302         network latency _4109_/CLK
        0.576440 network latency _4231_/CLK
---------------
0.537302 0.576440 latency
        0.039138 skew



===========================================================================
report_clock_min_period
============================================================================
clk period_min = 6.35 fmax = 157.37
