
===========================================================================
 report_power
============================================================================
======================= nom_slow_1p08V_125C Corner ===================================

Group                    Internal    Switching      Leakage        Total
                            Power        Power        Power        Power (Watts)
------------------------------------------------------------------------
Sequential           2.922272e-03 9.694145e-05 1.382638e-06 3.020596e-03  53.7%
Combinational        8.855985e-04 9.482005e-04 2.762604e-06 1.836562e-03  32.7%
Clock                3.180719e-04 4.474871e-04 3.535632e-07 7.659126e-04  13.6%
Macro                0.000000e+00 0.000000e+00 0.000000e+00 0.000000e+00   0.0%
Pad                  0.000000e+00 0.000000e+00 0.000000e+00 0.000000e+00   0.0%
------------------------------------------------------------------------
Total                4.125930e-03 1.492628e-03 4.498782e-06 5.623057e-03 100.0%
                            73.4%        26.5%         0.1%

