
===========================================================================
report_checks -unconstrained
===========================================================================
======================= nom_fast_1p32V_m40C Corner ===================================

Startpoint: rst_n (input port clocked by clk)
Endpoint: _5740_ (rising edge-triggered flip-flop clocked by clk)
Path Group: clk
Path Type: max

Fanout         Cap        Slew       Delay        Time   Description
---------------------------------------------------------------------------------------------
                                  0.000000    0.000000   clock clk (rise edge)
                                  0.000000    0.000000   clock network delay (propagated)
                                  2.000000    2.000000 ^ input external delay
     1    0.032676    0.031127    0.019255    2.019255 ^ rst_n (in)
                                                         rst_n (net)
                      0.031484    0.000000    2.019255 ^ input1/A (sg13cmos5l_buf_1)
     3    0.057510    0.154033    0.137357    2.156612 ^ input1/X (sg13cmos5l_buf_1)
                                                         net1 (net)
                      0.155046    0.010121    2.166733 ^ fanout261/A (sg13cmos5l_buf_1)
     6    0.046688    0.126237    0.154778    2.321510 ^ fanout261/X (sg13cmos5l_buf_1)
                                                         net261 (net)
                      0.126523    0.004899    2.326410 ^ _3110_/A (sg13cmos5l_inv_1)
     3    0.047811    0.121225    0.141912    2.468321 v _3110_/Y (sg13cmos5l_inv_1)
                                                         _0010_ (net)
                      0.121278    0.002130    2.470451 v fanout201/A (sg13cmos5l_buf_1)
     5    0.040101    0.089482    0.126166    2.596617 v fanout201/X (sg13cmos5l_buf_1)
                                                         net201 (net)
                      0.089997    0.005530    2.602148 v fanout199/A (sg13cmos5l_buf_1)
     8    0.053916    0.118274    0.137729    2.739877 v fanout199/X (sg13cmos5l_buf_1)
                                                         net199 (net)
                      0.119509    0.009777    2.749654 v _3470_/C (sg13cmos5l_nor3_1)
     4    0.023176    0.207169    0.197193    2.946847 ^ _3470_/Y (sg13cmos5l_nor3_1)
                                                         _0877_ (net)
                      0.207220    0.002674    2.949521 ^ _3483_/C (sg13cmos5l_nand3_1)
     4    0.032174    0.208186    0.223474    3.172995 v _3483_/Y (sg13cmos5l_nand3_1)
                                                         _0884_ (net)
                      0.208223    0.002323    3.175318 v _3493_/B (sg13cmos5l_nand2_1)
     1    0.007586    0.060566    0.072260    3.247578 ^ _3493_/Y (sg13cmos5l_nand2_1)
                                                         _0889_ (net)
                      0.060582    0.000550    3.248128 ^ hold1060/A (sg13cmos5l_dlygate4sd3_1)
     1    0.005863    0.029244    0.268737    3.516865 ^ hold1060/X (sg13cmos5l_dlygate4sd3_1)
                                                         net1060 (net)
                      0.029244    0.000429    3.517293 ^ _3494_/B1 (sg13cmos5l_o21ai_1)
     1    0.001948    0.042450    0.027452    3.544745 v _3494_/Y (sg13cmos5l_o21ai_1)
                                                         _0206_ (net)
                      0.042450    0.000076    3.544821 v hold1061/A (sg13cmos5l_dlygate4sd3_1)
     1    0.002522    0.024737    0.259200    3.804021 v hold1061/X (sg13cmos5l_dlygate4sd3_1)
                                                         net1061 (net)
                      0.024737    0.000098    3.804119 v _5740_/D (sg13cmos5l_dfrbpq_1)
                                              3.804119   data arrival time

                                 10.000000   10.000000   clock clk (rise edge)
                                  0.000000   10.000000   clock source latency
     1    0.043931    0.038483    0.026928   10.026928 ^ clk (in)
                                                         clk (net)
                      0.039699    0.000000   10.026928 ^ clkbuf_0_clk/A (sg13cmos5l_buf_8)
     8    0.132828    0.053097    0.076167   10.103095 ^ clkbuf_0_clk/X (sg13cmos5l_buf_8)
                                                         clknet_0_clk (net)
                      0.055000    0.007915   10.111010 ^ clkbuf_3_4__f_clk/A (sg13cmos5l_buf_8)
     5    0.081580    0.035975    0.073343   10.184352 ^ clkbuf_3_4__f_clk/X (sg13cmos5l_buf_8)
                                                         clknet_3_4__leaf_clk (net)
                      0.036265    0.002535   10.186887 ^ clkbuf_leaf_30_clk/A (sg13cmos5l_buf_8)
    17    0.080956    0.034926    0.066772   10.253659 ^ clkbuf_leaf_30_clk/X (sg13cmos5l_buf_8)
                                                         clknet_leaf_30_clk (net)
                      0.035078    0.001839   10.255498 ^ _5740_/CLK (sg13cmos5l_dfrbpq_1)
                                 -0.250000   10.005498   clock uncertainty
                                  0.000000   10.005498   clock reconvergence pessimism
                                 -0.067026    9.938472   library setup time
                                              9.938472   data required time
---------------------------------------------------------------------------------------------
                                              9.938472   data required time
                                             -3.804119   data arrival time
---------------------------------------------------------------------------------------------
                                              6.134353   slack (MET)




===========================================================================
report_checks --slack_max -0.01
============================================================================
======================= nom_fast_1p32V_m40C Corner ===================================

No paths found.


===========================================================================
 report_check_types -max_slew -max_cap -max_fanout -violators
============================================================================
======================= nom_fast_1p32V_m40C Corner ===================================

max fanout

Pin                                   Limit Fanout  Slack
---------------------------------------------------------
clkbuf_leaf_10_clk/X                      8     19    -11 (VIOLATED)
clkbuf_leaf_35_clk/X                      8     19    -11 (VIOLATED)
clkbuf_leaf_0_clk/X                       8     18    -10 (VIOLATED)
clkbuf_leaf_11_clk/X                      8     18    -10 (VIOLATED)
clkbuf_leaf_15_clk/X                      8     18    -10 (VIOLATED)
clkbuf_leaf_16_clk/X                      8     18    -10 (VIOLATED)
clkbuf_leaf_1_clk/X                       8     18    -10 (VIOLATED)
clkbuf_leaf_22_clk/X                      8     18    -10 (VIOLATED)
clkbuf_leaf_23_clk/X                      8     18    -10 (VIOLATED)
clkbuf_leaf_25_clk/X                      8     18    -10 (VIOLATED)
clkbuf_leaf_29_clk/X                      8     18    -10 (VIOLATED)
clkbuf_leaf_2_clk/X                       8     18    -10 (VIOLATED)
clkbuf_leaf_34_clk/X                      8     18    -10 (VIOLATED)
clkbuf_leaf_37_clk/X                      8     18    -10 (VIOLATED)
clkbuf_leaf_3_clk/X                       8     18    -10 (VIOLATED)
clkbuf_leaf_4_clk/X                       8     18    -10 (VIOLATED)
clkbuf_leaf_7_clk/X                       8     18    -10 (VIOLATED)
clkbuf_leaf_9_clk/X                       8     18    -10 (VIOLATED)
clkbuf_leaf_12_clk/X                      8     17     -9 (VIOLATED)
clkbuf_leaf_13_clk/X                      8     17     -9 (VIOLATED)
clkbuf_leaf_14_clk/X                      8     17     -9 (VIOLATED)
clkbuf_leaf_18_clk/X                      8     17     -9 (VIOLATED)
clkbuf_leaf_19_clk/X                      8     17     -9 (VIOLATED)
clkbuf_leaf_21_clk/X                      8     17     -9 (VIOLATED)
clkbuf_leaf_24_clk/X                      8     17     -9 (VIOLATED)
clkbuf_leaf_28_clk/X                      8     17     -9 (VIOLATED)
clkbuf_leaf_30_clk/X                      8     17     -9 (VIOLATED)
clkbuf_leaf_31_clk/X                      8     17     -9 (VIOLATED)
clkbuf_leaf_32_clk/X                      8     17     -9 (VIOLATED)
clkbuf_leaf_33_clk/X                      8     17     -9 (VIOLATED)
clkbuf_leaf_5_clk/X                       8     17     -9 (VIOLATED)
clkbuf_leaf_6_clk/X                       8     17     -9 (VIOLATED)
clkbuf_leaf_8_clk/X                       8     17     -9 (VIOLATED)
clkbuf_leaf_26_clk/X                      8     16     -8 (VIOLATED)
clkbuf_leaf_27_clk/X                      8     16     -8 (VIOLATED)
clkbuf_leaf_36_clk/X                      8     16     -8 (VIOLATED)
clkbuf_leaf_17_clk/X                      8     15     -7 (VIOLATED)
clkbuf_leaf_20_clk/X                      8     15     -7 (VIOLATED)
clkbuf_leaf_38_clk/X                      8     15     -7 (VIOLATED)



===========================================================================
report_parasitic_annotation -report_unannotated
============================================================================
Found 32 unannotated drivers.
 ena
 ui_in[4]
 ui_in[5]
 ui_in[6]
 ui_in[7]
 clkload0/X
 clkload1/Y
 clkload10/X
 clkload11/Y
 clkload12/Y
 clkload13/Y
 clkload14/Y
 clkload15/Y
 clkload16/Y
 clkload17/X
 clkload18/X
 clkload19/Y
 clkload2/Y
 clkload20/Y
 clkload21/Y
 clkload22/Y
 clkload23/Y
 clkload24/Y
 clkload25/Y
 clkload26/X
 clkload3/Y
 clkload4/Y
 clkload5/Y
 clkload6/Y
 clkload7/Y
 clkload8/Y
 clkload9/Y
Found 0 partially unannotated drivers.

===========================================================================
max slew violation count 0
max fanout violation count 39
max cap violation count 0
============================================================================

===========================================================================
check_setup -verbose -unconstrained_endpoints -multiple_clock -no_clock -no_input_delay -loops -generated_clocks
===========================================================================
