
===========================================================================
report_checks -unconstrained
===========================================================================
======================= nom_fast_1p32V_m40C Corner ===================================

Startpoint: ui_in[6] (input port clocked by clk)
Endpoint: uio_out[0] (output port clocked by clk)
Path Group: clk
Path Type: max

Fanout         Cap        Slew       Delay        Time   Description
---------------------------------------------------------------------------------------------
                                  0.000000    0.000000   clock clk (rise edge)
                                  0.000000    0.000000   clock network delay (propagated)
                                  1.538462    1.538462 ^ input external delay
     1    0.003548    0.014026    0.002036    1.540497 ^ ui_in[6] (in)
                                                         ui_in[6] (net)
                      0.014026    0.000000    1.540497 ^ input8/A (sg13cmos5l_buf_1)
     8    0.046600    0.125743    0.112423    1.652920 ^ input8/X (sg13cmos5l_buf_1)
                                                         net8 (net)
                      0.126122    0.005695    1.658615 ^ _4062_/A (sg13cmos5l_nor2_1)
     2    0.008231    0.044282    0.061933    1.720548 v _4062_/Y (sg13cmos5l_nor2_1)
                                                         _0734_ (net)
                      0.044283    0.000260    1.720809 v _4069_/A2 (sg13cmos5l_a21oi_1)
     1    0.004514    0.049477    0.057343    1.778152 ^ _4069_/Y (sg13cmos5l_a21oi_1)
                                                         _0741_ (net)
                      0.049478    0.000182    1.778334 ^ _4070_/B (sg13cmos5l_nand2_1)
     1    0.005572    0.048851    0.046237    1.824571 v _4070_/Y (sg13cmos5l_nand2_1)
                                                         _0742_ (net)
                      0.048851    0.000230    1.824802 v _4071_/B1 (sg13cmos5l_a221oi_1)
     2    0.006870    0.099176    0.104057    1.928859 ^ _4071_/Y (sg13cmos5l_a221oi_1)
                                                         _0743_ (net)
                      0.099177    0.000359    1.929217 ^ hold1156/A (sg13cmos5l_dlygate4sd3_1)
     1    0.005112    0.027305    0.282917    2.212134 ^ hold1156/X (sg13cmos5l_dlygate4sd3_1)
                                                         net1156 (net)
                      0.027305    0.000371    2.212504 ^ _4074_/D (sg13cmos5l_nor4_1)
     2    0.008062    0.036525    0.032978    2.245482 v _4074_/Y (sg13cmos5l_nor4_1)
                                                         _0746_ (net)
                      0.036528    0.000613    2.246095 v _4080_/B (sg13cmos5l_nor3_1)
     1    0.012180    0.132350    0.113882    2.359977 ^ _4080_/Y (sg13cmos5l_nor3_1)
                                                         s_in_ready_reg (net)
                      0.132366    0.001176    2.361153 ^ _8272_/A (sg13cmos5l_buf_1)
     1    0.003045    0.019623    0.071085    2.432238 ^ _8272_/X (sg13cmos5l_buf_1)
                                                         net10 (net)
                      0.019623    0.000120    2.432357 ^ output10/A (sg13cmos5l_buf_1)
     1    0.006506    0.023299    0.046356    2.478713 ^ output10/X (sg13cmos5l_buf_1)
                                                         uio_out[0] (net)
                      0.023302    0.000269    2.478981 ^ uio_out[0] (out)
                                              2.478981   data arrival time

                                  7.692307    7.692307   clock clk (rise edge)
                                  0.000000    7.692307   clock network delay (propagated)
                                 -0.250000    7.442307   clock uncertainty
                                  0.000000    7.442307   clock reconvergence pessimism
                                 -1.538462    5.903846   output external delay
                                              5.903846   data required time
---------------------------------------------------------------------------------------------
                                              5.903846   data required time
                                             -2.478981   data arrival time
---------------------------------------------------------------------------------------------
                                              3.424865   slack (MET)




===========================================================================
report_checks --slack_max -0.01
============================================================================
======================= nom_fast_1p32V_m40C Corner ===================================

No paths found.


===========================================================================
 report_check_types -max_slew -max_cap -max_fanout -violators
============================================================================
======================= nom_fast_1p32V_m40C Corner ===================================

max fanout

Pin                                   Limit Fanout  Slack
---------------------------------------------------------
clkbuf_leaf_13_clk/X                      8     18    -10 (VIOLATED)
clkbuf_leaf_21_clk/X                      8     18    -10 (VIOLATED)
clkbuf_leaf_0_clk/X                       8     17     -9 (VIOLATED)
clkbuf_leaf_16_clk/X                      8     17     -9 (VIOLATED)
clkbuf_leaf_19_clk/X                      8     17     -9 (VIOLATED)
clkbuf_leaf_20_clk/X                      8     17     -9 (VIOLATED)
clkbuf_leaf_22_clk/X                      8     17     -9 (VIOLATED)
clkbuf_leaf_23_clk/X                      8     17     -9 (VIOLATED)
clkbuf_leaf_24_clk/X                      8     17     -9 (VIOLATED)
clkbuf_leaf_25_clk/X                      8     17     -9 (VIOLATED)
clkbuf_leaf_27_clk/X                      8     17     -9 (VIOLATED)
clkbuf_leaf_28_clk/X                      8     17     -9 (VIOLATED)
clkbuf_leaf_29_clk/X                      8     17     -9 (VIOLATED)
clkbuf_leaf_30_clk/X                      8     17     -9 (VIOLATED)
clkbuf_leaf_31_clk/X                      8     17     -9 (VIOLATED)
clkbuf_leaf_32_clk/X                      8     17     -9 (VIOLATED)
clkbuf_leaf_3_clk/X                       8     17     -9 (VIOLATED)
clkbuf_leaf_5_clk/X                       8     17     -9 (VIOLATED)
clkbuf_leaf_6_clk/X                       8     17     -9 (VIOLATED)
clkbuf_leaf_7_clk/X                       8     17     -9 (VIOLATED)
clkbuf_leaf_9_clk/X                       8     17     -9 (VIOLATED)
clkbuf_leaf_10_clk/X                      8     16     -8 (VIOLATED)
clkbuf_leaf_11_clk/X                      8     16     -8 (VIOLATED)
clkbuf_leaf_12_clk/X                      8     16     -8 (VIOLATED)
clkbuf_leaf_14_clk/X                      8     16     -8 (VIOLATED)
clkbuf_leaf_15_clk/X                      8     16     -8 (VIOLATED)
clkbuf_leaf_17_clk/X                      8     16     -8 (VIOLATED)
clkbuf_leaf_2_clk/X                       8     16     -8 (VIOLATED)
clkbuf_leaf_4_clk/X                       8     16     -8 (VIOLATED)
clkbuf_leaf_8_clk/X                       8     16     -8 (VIOLATED)
clkbuf_leaf_18_clk/X                      8     15     -7 (VIOLATED)
clkbuf_leaf_1_clk/X                       8     15     -7 (VIOLATED)
clkbuf_leaf_26_clk/X                      8     14     -6 (VIOLATED)
clkbuf_leaf_33_clk/X                      8     12     -4 (VIOLATED)



===========================================================================
report_parasitic_annotation -report_unannotated
============================================================================
Found 35 unannotated drivers.
 ena
 uio_in[0]
 uio_in[1]
 uio_in[2]
 uio_in[3]
 uio_in[4]
 uio_in[5]
 uio_in[6]
 uio_in[7]
 clkload0/X
 clkload1/X
 clkload10/Y
 clkload11/Y
 clkload12/Y
 clkload13/Y
 clkload14/Y
 clkload15/Y
 clkload16/Y
 clkload17/Y
 clkload18/Y
 clkload19/Y
 clkload2/X
 clkload20/Y
 clkload21/X
 clkload22/X
 clkload23/Y
 clkload24/Y
 clkload25/X
 clkload3/X
 clkload4/X
 clkload5/X
 clkload6/X
 clkload7/Y
 clkload8/Y
 clkload9/Y
Found 0 partially unannotated drivers.

===========================================================================
max slew violation count 0
max fanout violation count 34
max cap violation count 0
============================================================================

===========================================================================
check_setup -verbose -unconstrained_endpoints -multiple_clock -no_clock -no_input_delay -loops -generated_clocks
===========================================================================
