Clock: clk
Sources: clk 
Generated: no
Virtual: yes
Propagated: no
Period: 10.000000

===========================================================================
report_clock_properties
============================================================================
Clock                   Period          Waveform
----------------------------------------------------
clk                  10.000000    0.000000  5.000000

===========================================================================
report_clock_latency
============================================================================
Clock clk
rise -> rise
    min     max
0.000000 0.000000 source latency
0.247806         network latency _5943_/CLK
        0.275640 network latency _5465_/CLK
---------------
0.247806 0.275640 latency
        0.027834 skew

fall -> fall
    min     max
0.000000 0.000000 source latency
0.241981         network latency _5943_/CLK
        0.267998 network latency _5465_/CLK
---------------
0.241981 0.267998 latency
        0.026017 skew



===========================================================================
report_clock_min_period
============================================================================
clk period_min = 2.53 fmax = 395.45
