
===========================================================================
 report_power
============================================================================
======================= nom_fast_1p32V_m40C Corner ===================================

Group                    Internal    Switching      Leakage        Total
                            Power        Power        Power        Power (Watts)
------------------------------------------------------------------------
Sequential           4.480446e-03 1.608523e-04 6.276999e-07 4.641926e-03  52.1%
Combinational        1.418284e-03 1.581502e-03 1.678155e-06 3.001464e-03  33.7%
Clock                5.183853e-04 7.377302e-04 2.504100e-06 1.258620e-03  14.1%
Macro                0.000000e+00 0.000000e+00 0.000000e+00 0.000000e+00   0.0%
Pad                  0.000000e+00 0.000000e+00 0.000000e+00 0.000000e+00   0.0%
------------------------------------------------------------------------
Total                6.417124e-03 2.480083e-03 4.809861e-06 8.902018e-03 100.0%
                            72.1%        27.9%         0.1%

