
===========================================================================
 report_power
============================================================================
======================= nom_fast_1p32V_m40C Corner ===================================

Group                    Internal    Switching      Leakage        Total
                            Power        Power        Power        Power (Watts)
------------------------------------------------------------------------
Sequential           2.954856e-03 1.689444e-04 3.921100e-07 3.124192e-03  45.5%
Combinational        1.460627e-03 1.455892e-03 1.068510e-06 2.917588e-03  42.5%
Clock                3.420487e-04 4.781531e-04 8.898651e-06 8.291004e-04  12.1%
Macro                0.000000e+00 0.000000e+00 0.000000e+00 0.000000e+00   0.0%
Pad                  0.000000e+00 0.000000e+00 0.000000e+00 0.000000e+00   0.0%
------------------------------------------------------------------------
Total                4.757530e-03 2.102987e-03 1.035933e-05 6.870876e-03 100.0%
                            69.2%        30.6%         0.2%

