Clock: clk
Sources: clk 
Generated: no
Virtual: yes
Propagated: no
Period: 7.692307

===========================================================================
report_clock_properties
============================================================================
Clock                   Period          Waveform
----------------------------------------------------
clk                   7.692307    0.000000  3.846154

===========================================================================
report_clock_latency
============================================================================
Clock clk
rise -> rise
    min     max
0.000000 0.000000 source latency
0.248089         network latency _7546_/CLK
        0.280345 network latency _7544_/CLK
---------------
0.248089 0.280345 latency
        0.032256 skew

fall -> fall
    min     max
0.000000 0.000000 source latency
0.242080         network latency _7546_/CLK
        0.273122 network latency _7544_/CLK
---------------
0.242080 0.273122 latency
        0.031042 skew



===========================================================================
report_clock_min_period
============================================================================
clk period_min = 2.83 fmax = 353.08
