
===========================================================================
 report_power
============================================================================
======================= nom_fast_1p32V_m40C Corner ===================================

Group                    Internal    Switching      Leakage        Total
                            Power        Power        Power        Power (Watts)
------------------------------------------------------------------------
Sequential           5.283429e-03 4.135535e-04 5.229929e-07 5.697505e-03  33.1%
Combinational        4.528256e-03 5.513176e-03 1.634501e-06 1.004307e-02  58.3%
Clock                6.664621e-04 8.258597e-04 3.370981e-06 1.495693e-03   8.7%
Macro                0.000000e+00 0.000000e+00 0.000000e+00 0.000000e+00   0.0%
Pad                  0.000000e+00 0.000000e+00 0.000000e+00 0.000000e+00   0.0%
------------------------------------------------------------------------
Total                1.047815e-02 6.752588e-03 5.528486e-06 1.723626e-02 100.0%
                            60.8%        39.2%         0.0%

