Clock: clk
Sources: clk 
Generated: no
Virtual: yes
Propagated: no
Period: 7.692307

===========================================================================
report_clock_properties
============================================================================
Clock                   Period          Waveform
----------------------------------------------------
clk                   7.692307    0.000000  3.846154

===========================================================================
report_clock_latency
============================================================================
Clock clk
rise -> rise
    min     max
0.000000 0.000000 source latency
0.589413         network latency _7367_/CLK
        0.639788 network latency _7544_/CLK
---------------
0.589413 0.639788 latency
        0.050375 skew

fall -> fall
    min     max
0.000000 0.000000 source latency
0.570502         network latency _7367_/CLK
        0.615956 network latency _7544_/CLK
---------------
0.570502 0.615956 latency
        0.045454 skew



===========================================================================
report_clock_min_period
============================================================================
clk period_min = 6.38 fmax = 156.67
