
===========================================================================
 report_power
============================================================================
======================= nom_slow_1p08V_125C Corner ===================================

Group                    Internal    Switching      Leakage        Total
                            Power        Power        Power        Power (Watts)
------------------------------------------------------------------------
Sequential           3.452301e-03 2.482425e-04 1.154244e-06 3.701697e-03  34.5%
Combinational        2.822285e-03 3.298009e-03 2.728115e-06 6.123022e-03  57.0%
Clock                4.089251e-04 5.009492e-04 4.091058e-07 9.102834e-04   8.5%
Macro                0.000000e+00 0.000000e+00 0.000000e+00 0.000000e+00   0.0%
Pad                  0.000000e+00 0.000000e+00 0.000000e+00 0.000000e+00   0.0%
------------------------------------------------------------------------
Total                6.683509e-03 4.047203e-03 4.291466e-06 1.073500e-02 100.0%
                            62.3%        37.7%         0.0%

