
===========================================================================
report_checks -unconstrained
===========================================================================
======================= nom_typ_1p20V_25C Corner ===================================

Startpoint: ui_in[6] (input port clocked by clk)
Endpoint: uio_out[0] (output port clocked by clk)
Path Group: clk
Path Type: max

Fanout         Cap        Slew       Delay        Time   Description
---------------------------------------------------------------------------------------------
                                  0.000000    0.000000   clock clk (rise edge)
                                  0.000000    0.000000   clock network delay (propagated)
                                  1.538462    1.538462 ^ input external delay
     1    0.003343    0.020541    0.002842    1.541303 ^ ui_in[6] (in)
                                                         ui_in[6] (net)
                      0.020541    0.000000    1.541303 ^ input8/A (sg13cmos5l_buf_1)
     8    0.044575    0.187160    0.170117    1.711420 ^ input8/X (sg13cmos5l_buf_1)
                                                         net8 (net)
                      0.187390    0.005441    1.716861 ^ _4062_/A (sg13cmos5l_nor2_1)
     2    0.007478    0.062573    0.095621    1.812481 v _4062_/Y (sg13cmos5l_nor2_1)
                                                         _0734_ (net)
                      0.062573    0.000239    1.812720 v _4069_/A2 (sg13cmos5l_a21oi_1)
     1    0.004275    0.071942    0.090408    1.903129 ^ _4069_/Y (sg13cmos5l_a21oi_1)
                                                         _0741_ (net)
                      0.071942    0.000172    1.903301 ^ _4070_/B (sg13cmos5l_nand2_1)
     1    0.005316    0.070098    0.071370    1.974670 v _4070_/Y (sg13cmos5l_nand2_1)
                                                         _0742_ (net)
                      0.070098    0.000218    1.974889 v _4071_/B1 (sg13cmos5l_a221oi_1)
     2    0.006470    0.146478    0.162424    2.137313 ^ _4071_/Y (sg13cmos5l_a221oi_1)
                                                         _0743_ (net)
                      0.146478    0.000335    2.137648 ^ hold1156/A (sg13cmos5l_dlygate4sd3_1)
     1    0.004540    0.039725    0.417222    2.554870 ^ hold1156/X (sg13cmos5l_dlygate4sd3_1)
                                                         net1156 (net)
                      0.039725    0.000322    2.555192 ^ _4074_/D (sg13cmos5l_nor4_1)
     2    0.007755    0.050801    0.049326    2.604518 v _4074_/Y (sg13cmos5l_nor4_1)
                                                         _0746_ (net)
                      0.050803    0.000590    2.605108 v _4080_/B (sg13cmos5l_nor3_1)
     1    0.011975    0.202870    0.179352    2.784460 ^ _4080_/Y (sg13cmos5l_nor3_1)
                                                         s_in_ready_reg (net)
                      0.202880    0.001144    2.785604 ^ _8272_/A (sg13cmos5l_buf_1)
     1    0.002840    0.029245    0.114722    2.900326 ^ _8272_/X (sg13cmos5l_buf_1)
                                                         net10 (net)
                      0.029245    0.000111    2.900437 ^ output10/A (sg13cmos5l_buf_1)
     1    0.006506    0.035681    0.070264    2.970701 ^ output10/X (sg13cmos5l_buf_1)
                                                         uio_out[0] (net)
                      0.035683    0.000269    2.970969 ^ uio_out[0] (out)
                                              2.970969   data arrival time

                                  7.692307    7.692307   clock clk (rise edge)
                                  0.000000    7.692307   clock network delay (propagated)
                                 -0.250000    7.442307   clock uncertainty
                                  0.000000    7.442307   clock reconvergence pessimism
                                 -1.538462    5.903846   output external delay
                                              5.903846   data required time
---------------------------------------------------------------------------------------------
                                              5.903846   data required time
                                             -2.970969   data arrival time
---------------------------------------------------------------------------------------------
                                              2.932877   slack (MET)




===========================================================================
report_checks --slack_max -0.01
============================================================================
======================= nom_typ_1p20V_25C Corner ===================================

No paths found.


===========================================================================
 report_check_types -max_slew -max_cap -max_fanout -violators
============================================================================
======================= nom_typ_1p20V_25C Corner ===================================

max fanout

Pin                                   Limit Fanout  Slack
---------------------------------------------------------
clkbuf_leaf_13_clk/X                      8     18    -10 (VIOLATED)
clkbuf_leaf_21_clk/X                      8     18    -10 (VIOLATED)
clkbuf_leaf_0_clk/X                       8     17     -9 (VIOLATED)
clkbuf_leaf_16_clk/X                      8     17     -9 (VIOLATED)
clkbuf_leaf_19_clk/X                      8     17     -9 (VIOLATED)
clkbuf_leaf_20_clk/X                      8     17     -9 (VIOLATED)
clkbuf_leaf_22_clk/X                      8     17     -9 (VIOLATED)
clkbuf_leaf_23_clk/X                      8     17     -9 (VIOLATED)
clkbuf_leaf_24_clk/X                      8     17     -9 (VIOLATED)
clkbuf_leaf_25_clk/X                      8     17     -9 (VIOLATED)
clkbuf_leaf_27_clk/X                      8     17     -9 (VIOLATED)
clkbuf_leaf_28_clk/X                      8     17     -9 (VIOLATED)
clkbuf_leaf_29_clk/X                      8     17     -9 (VIOLATED)
clkbuf_leaf_30_clk/X                      8     17     -9 (VIOLATED)
clkbuf_leaf_31_clk/X                      8     17     -9 (VIOLATED)
clkbuf_leaf_32_clk/X                      8     17     -9 (VIOLATED)
clkbuf_leaf_3_clk/X                       8     17     -9 (VIOLATED)
clkbuf_leaf_5_clk/X                       8     17     -9 (VIOLATED)
clkbuf_leaf_6_clk/X                       8     17     -9 (VIOLATED)
clkbuf_leaf_7_clk/X                       8     17     -9 (VIOLATED)
clkbuf_leaf_9_clk/X                       8     17     -9 (VIOLATED)
clkbuf_leaf_10_clk/X                      8     16     -8 (VIOLATED)
clkbuf_leaf_11_clk/X                      8     16     -8 (VIOLATED)
clkbuf_leaf_12_clk/X                      8     16     -8 (VIOLATED)
clkbuf_leaf_14_clk/X                      8     16     -8 (VIOLATED)
clkbuf_leaf_15_clk/X                      8     16     -8 (VIOLATED)
clkbuf_leaf_17_clk/X                      8     16     -8 (VIOLATED)
clkbuf_leaf_2_clk/X                       8     16     -8 (VIOLATED)
clkbuf_leaf_4_clk/X                       8     16     -8 (VIOLATED)
clkbuf_leaf_8_clk/X                       8     16     -8 (VIOLATED)
clkbuf_leaf_18_clk/X                      8     15     -7 (VIOLATED)
clkbuf_leaf_1_clk/X                       8     15     -7 (VIOLATED)
clkbuf_leaf_26_clk/X                      8     14     -6 (VIOLATED)
clkbuf_leaf_33_clk/X                      8     12     -4 (VIOLATED)



===========================================================================
report_parasitic_annotation -report_unannotated
============================================================================
Found 35 unannotated drivers.
 ena
 uio_in[0]
 uio_in[1]
 uio_in[2]
 uio_in[3]
 uio_in[4]
 uio_in[5]
 uio_in[6]
 uio_in[7]
 clkload0/X
 clkload1/X
 clkload10/Y
 clkload11/Y
 clkload12/Y
 clkload13/Y
 clkload14/Y
 clkload15/Y
 clkload16/Y
 clkload17/Y
 clkload18/Y
 clkload19/Y
 clkload2/X
 clkload20/Y
 clkload21/X
 clkload22/X
 clkload23/Y
 clkload24/Y
 clkload25/X
 clkload3/X
 clkload4/X
 clkload5/X
 clkload6/X
 clkload7/Y
 clkload8/Y
 clkload9/Y
Found 0 partially unannotated drivers.

===========================================================================
max slew violation count 0
max fanout violation count 34
max cap violation count 0
============================================================================

===========================================================================
check_setup -verbose -unconstrained_endpoints -multiple_clock -no_clock -no_input_delay -loops -generated_clocks
===========================================================================
