Clock: clk
Sources: clk 
Generated: no
Virtual: yes
Propagated: no
Period: 7.692307

===========================================================================
report_clock_properties
============================================================================
Clock                   Period          Waveform
----------------------------------------------------
clk                   7.692307    0.000000  3.846154

===========================================================================
report_clock_latency
============================================================================
Clock clk
rise -> rise
    min     max
0.000000 0.000000 source latency
0.375623         network latency _7546_/CLK
        0.414971 network latency _7544_/CLK
---------------
0.375623 0.414971 latency
        0.039348 skew

fall -> fall
    min     max
0.000000 0.000000 source latency
0.362825         network latency _7546_/CLK
        0.398170 network latency _7544_/CLK
---------------
0.362825 0.398170 latency
        0.035344 skew



===========================================================================
report_clock_min_period
============================================================================
clk period_min = 4.16 fmax = 240.43
