Clock: clk
Sources: clk 
Generated: no
Virtual: yes
Propagated: no
Period: 10.000000

===========================================================================
report_clock_properties
============================================================================
Clock                   Period          Waveform
----------------------------------------------------
clk                  10.000000    0.000000  5.000000

===========================================================================
report_clock_latency
============================================================================
Clock clk
rise -> rise
    min     max
0.000000 0.000000 source latency
0.350770         network latency _4109_/CLK
        0.382329 network latency _3940_/CLK
---------------
0.350770 0.382329 latency
        0.031559 skew

fall -> fall
    min     max
0.000000 0.000000 source latency
0.342582         network latency _4109_/CLK
        0.370215 network latency _3940_/CLK
---------------
0.342582 0.370215 latency
        0.027633 skew



===========================================================================
report_clock_min_period
============================================================================
clk period_min = 4.11 fmax = 243.19
