
===========================================================================
 report_power
============================================================================
======================= nom_typ_1p20V_25C Corner ===================================

Group                    Internal    Switching      Leakage        Total
                            Power        Power        Power        Power (Watts)
------------------------------------------------------------------------
Sequential           3.670664e-03 1.255646e-04 2.922603e-07 3.796521e-03  53.2%
Combinational        1.125468e-03 1.230833e-03 6.811512e-07 2.356982e-03  33.0%
Clock                4.069244e-04 5.778779e-04 6.938234e-07 9.854961e-04  13.8%
Macro                0.000000e+00 0.000000e+00 0.000000e+00 0.000000e+00   0.0%
Pad                  0.000000e+00 0.000000e+00 0.000000e+00 0.000000e+00   0.0%
------------------------------------------------------------------------
Total                5.203041e-03 1.934277e-03 1.667246e-06 7.138985e-03 100.0%
                            72.9%        27.1%         0.0%

