
===========================================================================
 report_power
============================================================================
======================= nom_typ_1p20V_25C Corner ===================================

Group                    Internal    Switching      Leakage        Total
                            Power        Power        Power        Power (Watts)
------------------------------------------------------------------------
Sequential           2.419011e-03 1.318051e-04 1.828778e-07 2.550999e-03  46.5%
Combinational        1.150899e-03 1.133073e-03 4.353213e-07 2.284408e-03  41.7%
Clock                2.676508e-04 3.750991e-04 2.409686e-06 6.451596e-04  11.8%
Macro                0.000000e+00 0.000000e+00 0.000000e+00 0.000000e+00   0.0%
Pad                  0.000000e+00 0.000000e+00 0.000000e+00 0.000000e+00   0.0%
------------------------------------------------------------------------
Total                3.837565e-03 1.639979e-03 3.027832e-06 5.480572e-03 100.0%
                            70.0%        29.9%         0.1%

