
===========================================================================
 report_power
============================================================================
======================= nom_typ_1p20V_25C Corner ===================================

Group                    Internal    Switching      Leakage        Total
                            Power        Power        Power        Power (Watts)
------------------------------------------------------------------------
Sequential           4.327054e-03 3.220268e-04 2.439607e-07 4.649324e-03  34.0%
Combinational        3.571433e-03 4.285359e-03 6.637038e-07 7.857456e-03  57.4%
Clock                5.230608e-04 6.468582e-04 9.270534e-07 1.170846e-03   8.6%
Macro                0.000000e+00 0.000000e+00 0.000000e+00 0.000000e+00   0.0%
Pad                  0.000000e+00 0.000000e+00 0.000000e+00 0.000000e+00   0.0%
------------------------------------------------------------------------
Total                8.421557e-03 5.254245e-03 1.834731e-06 1.367764e-02 100.0%
                            61.6%        38.4%         0.0%

